C51 COMPILER V9.55   SWARM                                                                 07/14/2016 16:34:39 PAGE 1   


C51 COMPILER V9.55, COMPILATION OF MODULE SWARM
OBJECT MODULE PLACED IN .\Objects\swarm.obj
COMPILER INVOKED BY: D:\ROBOTICS\C51\BIN\C51.EXE swarm.c OMF2 OPTIMIZE(8,SPEED) BROWSE DEBUG PRINT(.\Listings\swarm.lst)
                    - TABS(2) OBJECT(.\Objects\swarm.obj)

line level    source

   1          #include<reg52.h>  //we need to include that header file for that particular microcontroller
   2          #include<stdio.h>
   3          #define lt 0x06;
   4          #define rt 0x09;
   5          #define st 0x0a;
   6          #define stop 0x00;
   7          #define rev 0x05;
   8          unsigned int a; //no need for the signs
   9          void delay(unsigned int t)
  10          {
  11   1      int i,j;
  12   1      for(i=0;i<t;i++) //when we delay (50) , 50 m sec it will give
  13   1      {
  14   2      for(j=0;j<1275;j++);
  15   2      }}
  16          
  17          void main()
  18          {
  19   1      while(1) //infinite loop
  20   1      {
  21   2      a=P1&0x0F;
  22   2      if(a==0x01)
  23   2      {
  24   3      P2=rev;
  25   3        P0=rev;
  26   3      delay(50);
  27   3      P2=stop;
  28   3      P0=stop;
  29   3      delay(50);
  30   3      P2=lt;
  31   3      P0=lt;
  32   3      delay(50);
  33   3      
  34   3      
  35   3      }
  36   2      if(a==0x02)
  37   2      {
  38   3      P2=rev;
  39   3      P0=rev;
  40   3        
  41   3      delay(50);
  42   3      
  43   3      P2=stop;
  44   3      P0=stop;
  45   3      delay(50);
  46   3      P2=rt;
  47   3      P0=rt;
  48   3      delay(50);
  49   3      }
  50   2      if(a==0x03)
  51   2      {
  52   3      P2=stop;
  53   3      P0=stop;
  54   3      }
C51 COMPILER V9.55   SWARM                                                                 07/14/2016 16:34:39 PAGE 2   

  55   2      if(a==0x00)
  56   2      {P2=st;
  57   3        P0=st;
  58   3      }} 
  59   1      }


MODULE INFORMATION:   STATIC OVERLAYABLE
   CODE SIZE        =    122    ----
   CONSTANT SIZE    =   ----    ----
   XDATA SIZE       =   ----    ----
   PDATA SIZE       =   ----    ----
   DATA SIZE        =      2    ----
   IDATA SIZE       =   ----    ----
   BIT SIZE         =   ----    ----
   EDATA SIZE       =   ----    ----
   HDATA SIZE       =   ----    ----
   XDATA CONST SIZE =   ----    ----
   FAR CONST SIZE   =   ----    ----
END OF MODULE INFORMATION.


C51 COMPILATION COMPLETE.  0 WARNING(S),  0 ERROR(S)
